// Jest Snapshot v1, https://goo.gl/fbAQLP

exports[`should take a snapshot 1`] = `
<DocumentFragment>
  <div
    class="makeStyles-root-1"
  >
    <h6
      class="MuiTypography-root MuiTypography-subtitle1"
    >
      Copyright Â© Your Website 2020.
    </h6>
  </div>
</DocumentFragment>
`;
